** Drc report for heart-pcb.kicad_pcb **
** Created on 2026-07-02T23:51:05 **
** Report includes: Errors, Warnings, Exclusions **

** Found 8 DRC violations **
[shorting_items]: Items shorting two nets (nets VCC and GND)
    Local override; error
    @(150.0000 mm, 105.0000 mm): PTH pad 1 [VCC] of R21
    @(150.0000 mm, 98.0000 mm): Pad 2 [GND] of BT1 on B.Cu
[pth_inside_courtyard]: PTH inside courtyard
    Local override; error
    @(150.0000 mm, 105.0000 mm): PTH pad 1 [VCC] of R21
    @(150.0000 mm, 98.0000 mm): Footprint BT1
[pth_inside_courtyard]: PTH inside courtyard
    Local override; error
    @(157.6200 mm, 105.0000 mm): PTH pad 2 [Net-(D11-K)] of R21
    @(150.0000 mm, 98.0000 mm): Footprint BT1
[pth_inside_courtyard]: PTH inside courtyard
    Local override; error
    @(140.6200 mm, 105.0000 mm): PTH pad 8 [VCC] of U1
    @(150.0000 mm, 98.0000 mm): Footprint BT1
[solder_mask_bridge]: Rear solder mask aperture bridges items with different nets
    Rule: board setup solder mask min width; error
    @(150.0000 mm, 105.0000 mm): PTH pad 1 [VCC] of R21
    @(150.0000 mm, 98.0000 mm): Pad 2 [GND] of BT1 on B.Cu
[lib_footprint_mismatch]: Footprint 'R_Axial_DIN0207_L6.3mm_D2.5mm_P7.62mm_Horizontal' does not match copy in library 'Resistor_THT'
    Local override; warning
    @(135.6200 mm, 81.5000 mm): Footprint R2
[silk_over_copper]: Silkscreen clipped by solder mask
    Local override; warning
    @(139.2200 mm, 101.6300 mm): Segment of BT1 on B.Silkscreen
    @(140.6200 mm, 105.0000 mm): PTH pad 8 [VCC] of U1
[silk_over_copper]: Silkscreen clipped by solder mask
    Local override; warning
    @(142.6900 mm, 104.8500 mm): Arc of BT1 on B.Silkscreen
    @(140.6200 mm, 105.0000 mm): PTH pad 8 [VCC] of U1

** Found 56 unconnected pads **
[unconnected_items]: Missing connection between items
    Local override; error
    @(157.6200 mm, 105.0000 mm): PTH pad 2 [Net-(D11-K)] of R21
    @(170.0000 mm, 121.0000 mm): PTH pad 1 [Net-(D11-K)] of D11
[unconnected_items]: Missing connection between items
    Local override; error
    @(120.5400 mm, 85.0000 mm): PTH pad 2 [/COL] of D2
    @(114.5400 mm, 97.0000 mm): PTH pad 2 [/COL] of D8
[unconnected_items]: Missing connection between items
    Local override; error
    @(132.5400 mm, 121.0000 mm): PTH pad 2 [/COL] of D9
    @(141.5400 mm, 131.0000 mm): PTH pad 2 [/COL] of D13
[unconnected_items]: Missing connection between items
    Local override; error
    @(133.5400 mm, 72.0000 mm): PTH pad 2 [/COL] of D1
    @(120.5400 mm, 85.0000 mm): PTH pad 2 [/COL] of D2
[unconnected_items]: Missing connection between items
    Local override; error
    @(141.5400 mm, 131.0000 mm): PTH pad 2 [/COL] of D13
    @(152.5400 mm, 138.0000 mm): PTH pad 2 [/COL] of D15
[unconnected_items]: Missing connection between items
    Local override; error
    @(142.5400 mm, 79.0000 mm): PTH pad 2 [/COL] of D3
    @(133.5400 mm, 72.0000 mm): PTH pad 2 [/COL] of D1
[unconnected_items]: Missing connection between items
    Local override; error
    @(142.5400 mm, 79.0000 mm): PTH pad 2 [/COL] of D3
    @(162.5400 mm, 79.0000 mm): PTH pad 2 [/COL] of D7
[unconnected_items]: Missing connection between items
    Local override; error
    @(152.5400 mm, 138.0000 mm): PTH pad 2 [/COL] of D15
    @(163.5400 mm, 131.0000 mm): PTH pad 2 [/COL] of D14
[unconnected_items]: Missing connection between items
    Local override; error
    @(162.5400 mm, 79.0000 mm): PTH pad 2 [/COL] of D7
    @(171.5400 mm, 72.0000 mm): PTH pad 2 [/COL] of D5
[unconnected_items]: Missing connection between items
    Local override; error
    @(163.5400 mm, 131.0000 mm): PTH pad 2 [/COL] of D14
    @(172.5400 mm, 121.0000 mm): PTH pad 2 [/COL] of D11
[unconnected_items]: Missing connection between items
    Local override; error
    @(169.5400 mm, 105.0000 mm): PTH pad 3 [/COL] of Q1
    @(190.5400 mm, 97.0000 mm): PTH pad 2 [/COL] of D10
[unconnected_items]: Missing connection between items
    Local override; error
    @(172.5400 mm, 121.0000 mm): PTH pad 2 [/COL] of D11
    @(169.5400 mm, 105.0000 mm): PTH pad 3 [/COL] of Q1
[unconnected_items]: Missing connection between items
    Local override; error
    @(184.5400 mm, 85.0000 mm): PTH pad 2 [/COL] of D6
    @(171.5400 mm, 72.0000 mm): PTH pad 2 [/COL] of D5
[unconnected_items]: Missing connection between items
    Local override; error
    @(190.5400 mm, 97.0000 mm): PTH pad 2 [/COL] of D10
    @(184.5400 mm, 85.0000 mm): PTH pad 2 [/COL] of D6
[unconnected_items]: Missing connection between items
    Local override; error
    @(128.0000 mm, 81.5000 mm): PTH pad 2 [Net-(D1-K)] of R2
    @(131.0000 mm, 72.0000 mm): PTH pad 1 [Net-(D1-K)] of D1
[unconnected_items]: Missing connection between items
    Local override; error
    @(118.0000 mm, 85.0000 mm): PTH pad 1 [Net-(D2-K)] of D2
    @(188.5000 mm, 84.5000 mm): PTH pad 2 [Net-(D2-K)] of R13
[unconnected_items]: Missing connection between items
    Local override; error
    @(133.0000 mm, 105.0000 mm): PTH pad 1 [GND] of U1
    @(150.0000 mm, 98.0000 mm): Pad 2 [GND] of BT1 on B.Cu
[unconnected_items]: Missing connection between items
    Local override; error
    @(150.0000 mm, 98.0000 mm): Pad 2 [GND] of BT1 on B.Cu
    @(167.0000 mm, 105.0000 mm): PTH pad 1 [GND] of Q1
[unconnected_items]: Missing connection between items
    Local override; error
    @(151.5000 mm, 85.0000 mm): PTH pad 1 [GND] of C1
    @(150.0000 mm, 98.0000 mm): Pad 2 [GND] of BT1 on B.Cu
[unconnected_items]: Missing connection between items
    Local override; error
    @(152.5000 mm, 119.0000 mm): PTH pad 2 [GND] of C3
    @(167.0000 mm, 105.0000 mm): PTH pad 1 [GND] of Q1
[unconnected_items]: Missing connection between items
    Local override; error
    @(140.6200 mm, 112.6200 mm): PTH pad 5 [Net-(U1-CONT)] of U1
    @(156.5000 mm, 85.0000 mm): PTH pad 2 [Net-(U1-CONT)] of C1
[unconnected_items]: Missing connection between items
    Local override; error
    @(106.1900 mm, 84.5000 mm): PTH pad 2 [Net-(U1-THRES)] of R5
    @(133.0000 mm, 107.5400 mm): PTH pad 2 [Net-(U1-THRES)] of U1
[unconnected_items]: Missing connection between items
    Local override; error
    @(140.6200 mm, 110.0800 mm): PTH pad 6 [Net-(U1-THRES)] of U1
    @(133.0000 mm, 107.5400 mm): PTH pad 2 [Net-(U1-THRES)] of U1
[unconnected_items]: Missing connection between items
    Local override; error
    @(150.0000 mm, 119.0000 mm): PTH pad 1 [Net-(U1-THRES)] of C3
    @(140.6200 mm, 110.0800 mm): PTH pad 6 [Net-(U1-THRES)] of U1
[unconnected_items]: Missing connection between items
    Local override; error
    @(119.0000 mm, 116.5000 mm): PTH pad 2 [Net-(D5-K)] of R15
    @(169.0000 mm, 72.0000 mm): PTH pad 1 [Net-(D5-K)] of D5
[unconnected_items]: Missing connection between items
    Local override; error
    @(176.5000 mm, 97.0000 mm): PTH pad 2 [Net-(D6-K)] of R16
    @(182.0000 mm, 85.0000 mm): PTH pad 1 [Net-(D6-K)] of D6
[unconnected_items]: Missing connection between items
    Local override; error
    @(122.5000 mm, 106.1000 mm): PTH pad 1 [VCC] of SW1
    @(129.5000 mm, 90.5000 mm): PTH pad 1 [VCC] of R23
[unconnected_items]: Missing connection between items
    Local override; error
    @(126.6200 mm, 116.5000 mm): PTH pad 1 [VCC] of R15
    @(133.0000 mm, 112.6200 mm): PTH pad 4 [VCC] of U1
[unconnected_items]: Missing connection between items
    Local override; error
    @(126.6200 mm, 116.5000 mm): PTH pad 1 [VCC] of R15
    @(122.5000 mm, 106.1000 mm): PTH pad 1 [VCC] of SW1
[unconnected_items]: Missing connection between items
    Local override; error
    @(129.5000 mm, 90.5000 mm): PTH pad 1 [VCC] of R23
    @(111.1200 mm, 91.0000 mm): PTH pad 1 [VCC] of R14
[unconnected_items]: Missing connection between items
    Local override; error
    @(133.0000 mm, 112.6200 mm): PTH pad 4 [VCC] of U1
    @(145.1200 mm, 124.0000 mm): PTH pad 1 [VCC] of R18
[unconnected_items]: Missing connection between items
    Local override; error
    @(135.6200 mm, 81.5000 mm): PTH pad 1 [VCC] of R2
    @(129.5000 mm, 90.5000 mm): PTH pad 1 [VCC] of R23
[unconnected_items]: Missing connection between items
    Local override; error
    @(140.6200 mm, 105.0000 mm): PTH pad 8 [VCC] of U1
    @(133.0000 mm, 112.6200 mm): PTH pad 4 [VCC] of U1
[unconnected_items]: Missing connection between items
    Local override; error
    @(146.8100 mm, 138.5000 mm): PTH pad 1 [VCC] of R20
    @(158.1200 mm, 131.0000 mm): PTH pad 1 [VCC] of R19
[unconnected_items]: Missing connection between items
    Local override; error
    @(146.8100 mm, 138.5000 mm): PTH pad 1 [VCC] of R20
    @(145.1200 mm, 124.0000 mm): PTH pad 1 [VCC] of R18
[unconnected_items]: Missing connection between items
    Local override; error
    @(150.0000 mm, 105.0000 mm): PTH pad 1 [VCC] of R21
    @(140.6200 mm, 105.0000 mm): PTH pad 8 [VCC] of U1
[unconnected_items]: Missing connection between items
    Local override; error
    @(158.1200 mm, 131.0000 mm): PTH pad 1 [VCC] of R19
    @(166.6200 mm, 118.0000 mm): PTH pad 1 [VCC] of R17
[unconnected_items]: Missing connection between items
    Local override; error
    @(162.0000 mm, 90.0000 mm): PTH pad 1 [VCC] of R24
    @(150.0000 mm, 105.0000 mm): PTH pad 1 [VCC] of R21
[unconnected_items]: Missing connection between items
    Local override; error
    @(174.1200 mm, 80.5000 mm): PTH pad 1 [VCC] of R25
    @(162.0000 mm, 90.0000 mm): PTH pad 1 [VCC] of R24
[unconnected_items]: Missing connection between items
    Local override; error
    @(183.1200 mm, 70.5000 mm): PTH pad 1 [VCC] of R6
    @(174.1200 mm, 80.5000 mm): PTH pad 1 [VCC] of R25
[unconnected_items]: Missing connection between items
    Local override; error
    @(196.1200 mm, 84.5000 mm): PTH pad 1 [VCC] of R13
    @(184.1200 mm, 97.0000 mm): PTH pad 1 [VCC] of R16
[unconnected_items]: Missing connection between items
    Local override; error
    @(196.1200 mm, 84.5000 mm): PTH pad 1 [VCC] of R13
    @(183.1200 mm, 70.5000 mm): PTH pad 1 [VCC] of R6
[unconnected_items]: Missing connection between items
    Local override; error
    @(161.0000 mm, 131.0000 mm): PTH pad 1 [Net-(D14-K)] of D14
    @(169.6200 mm, 90.0000 mm): PTH pad 2 [Net-(D14-K)] of R24
[unconnected_items]: Missing connection between items
    Local override; error
    @(139.1900 mm, 138.5000 mm): PTH pad 2 [Net-(D10-K)] of R20
    @(188.0000 mm, 97.0000 mm): PTH pad 1 [Net-(D10-K)] of D10
[unconnected_items]: Missing connection between items
    Local override; error
    @(137.1200 mm, 90.5000 mm): PTH pad 2 [Net-(D13-K)] of R23
    @(139.0000 mm, 131.0000 mm): PTH pad 1 [Net-(D13-K)] of D13
[unconnected_items]: Missing connection between items
    Local override; error
    @(103.5000 mm, 91.0000 mm): PTH pad 2 [Net-(D3-K)] of R14
    @(140.0000 mm, 79.0000 mm): PTH pad 1 [Net-(D3-K)] of D3
[unconnected_items]: Missing connection between items
    Local override; error
    @(126.1200 mm, 71.5000 mm): PTH pad 1 [Net-(U1-OUT)] of R1
    @(133.0000 mm, 110.0800 mm): PTH pad 3 [Net-(U1-OUT)] of U1
[unconnected_items]: Missing connection between items
    Local override; error
    @(113.8100 mm, 84.5000 mm): PTH pad 1 [Net-(U1-DISCH)] of R5
    @(140.6200 mm, 107.5400 mm): PTH pad 7 [Net-(U1-DISCH)] of U1
[unconnected_items]: Missing connection between items
    Local override; error
    @(140.6200 mm, 107.5400 mm): PTH pad 7 [Net-(U1-DISCH)] of U1
    @(175.5000 mm, 70.5000 mm): PTH pad 2 [Net-(U1-DISCH)] of R6
[unconnected_items]: Missing connection between items
    Local override; error
    @(150.0000 mm, 138.0000 mm): PTH pad 1 [Net-(D15-K)] of D15
    @(166.5000 mm, 80.5000 mm): PTH pad 2 [Net-(D15-K)] of R25
[unconnected_items]: Missing connection between items
    Local override; error
    @(118.5000 mm, 71.5000 mm): PTH pad 2 [Net-(Q1-B)] of R1
    @(168.2700 mm, 105.0000 mm): PTH pad 2 [Net-(Q1-B)] of Q1
[unconnected_items]: Missing connection between items
    Local override; error
    @(112.0000 mm, 97.0000 mm): PTH pad 1 [Net-(D8-K)] of D8
    @(137.5000 mm, 124.0000 mm): PTH pad 2 [Net-(D8-K)] of R18
[unconnected_items]: Missing connection between items
    Local override; error
    @(130.0000 mm, 121.0000 mm): PTH pad 1 [Net-(D9-K)] of D9
    @(150.5000 mm, 131.0000 mm): PTH pad 2 [Net-(D9-K)] of R19
[unconnected_items]: Missing connection between items
    Local override; error
    @(159.0000 mm, 118.0000 mm): PTH pad 2 [Net-(D7-K)] of R17
    @(160.0000 mm, 79.0000 mm): PTH pad 1 [Net-(D7-K)] of D7
[unconnected_items]: Missing connection between items
    Local override; error
    @(139.0150 mm, 98.0000 mm): Pad 1 [Net-(BT1-+)] of BT1 on B.Cu
    @(122.5000 mm, 104.1000 mm): PTH pad 2 [Net-(BT1-+)] of SW1
[unconnected_items]: Missing connection between items
    Local override; error
    @(160.9850 mm, 98.0000 mm): Pad 1 [Net-(BT1-+)] of BT1 on B.Cu
    @(139.0150 mm, 98.0000 mm): Pad 1 [Net-(BT1-+)] of BT1 on B.Cu

** Found 0 Footprint errors **

** Ignored checks **
    - Footprint has no courtyard defined
    - Track endpoint not centered on via
    - Tuning profile track geometries
    - Footprint doesn't match symbol's footprint filters
    - Footprint component type doesn't match footprint pads

** End of Report **
